# Bake Begins!
### (1 of 6) Copy sources
$ cp -a /home/travis/build/fontdirectory/gfsneohellenic/METADATA.json /home/travis/build/fontdirectory/gfsneohellenic/builds/build
$ cp -a /home/travis/build/fontdirectory/gfsneohellenic/DESCRIPTION.en_us.html /home/travis/build/fontdirectory/gfsneohellenic/builds/build
$ cp -a GFSNeohellenicItalic.ttf.ttx GFSNeohellenicBoldItalic.ttf.ttx GFSNeohellenicBold.ttf.ttx GFSNeohellenic.ttf.ttx src/GFSNeohellenicItalic.ttf.ttx src/GFSNeohellenicIt.otf.ttx src/GFSNeohellenicBoldItalic.ttf.ttx src/GFSNeohellenicBoldIt.otf.ttx src/GFSNeohellenicBold.ttf.ttx src/GFSNeohellenicBold.otf.ttx src/GFSNeohellenic.ttf.ttx src/GFSNeohellenic.otf.ttx GFSNeohellenicItalic.ttf._p_r_e_p.ttx GFSNeohellenicItalic.ttf._p_o_s_t.ttx GFSNeohellenicItalic.ttf._n_a_m_e.ttx GFSNeohellenicItalic.ttf._m_a_x_p.ttx GFSNeohellenicItalic.ttf._l_o_c_a.ttx GFSNeohellenicItalic.ttf._h_m_t_x.ttx GFSNeohellenicItalic.ttf._h_h_e_a.ttx GFSNeohellenicItalic.ttf._h_e_a_d.ttx GFSNeohellenicItalic.ttf._g_l_y_f.ttx GFSNeohellenicItalic.ttf._g_a_s_p.ttx GFSNeohellenicItalic.ttf._f_p_g_m.ttx GFSNeohellenicItalic.ttf._c_v_t.ttx GFSNeohellenicItalic.ttf._c_m_a_p.ttx GFSNeohellenicItalic.ttf.O_S_2f_2.ttx GFSNeohellenicItalic.ttf.GlyphOrder.ttx GFSNeohellenicItalic.ttf.G_S_U_B_.ttx GFSNeohellenicItalic.ttf.G_P_O_S_.ttx GFSNeohellenicItalic.ttf.G_D_E_F_.ttx GFSNeohellenicItalic.ttf.F_F_T_M_.ttx GFSNeohellenicBoldItalic.ttf._p_r_e_p.ttx GFSNeohellenicBoldItalic.ttf._p_o_s_t.ttx GFSNeohellenicBoldItalic.ttf._n_a_m_e.ttx GFSNeohellenicBoldItalic.ttf._m_a_x_p.ttx GFSNeohellenicBoldItalic.ttf._l_o_c_a.ttx GFSNeohellenicBoldItalic.ttf._h_m_t_x.ttx GFSNeohellenicBoldItalic.ttf._h_h_e_a.ttx GFSNeohellenicBoldItalic.ttf._h_e_a_d.ttx GFSNeohellenicBoldItalic.ttf._g_l_y_f.ttx GFSNeohellenicBoldItalic.ttf._g_a_s_p.ttx GFSNeohellenicBoldItalic.ttf._f_p_g_m.ttx GFSNeohellenicBoldItalic.ttf._c_v_t.ttx GFSNeohellenicBoldItalic.ttf._c_m_a_p.ttx GFSNeohellenicBoldItalic.ttf.O_S_2f_2.ttx GFSNeohellenicBoldItalic.ttf.GlyphOrder.ttx GFSNeohellenicBoldItalic.ttf.G_S_U_B_.ttx GFSNeohellenicBoldItalic.ttf.G_P_O_S_.ttx GFSNeohellenicBoldItalic.ttf.G_D_E_F_.ttx GFSNeohellenicBoldItalic.ttf.F_F_T_M_.ttx GFSNeohellenicBold.ttf._p_r_e_p.ttx GFSNeohellenicBold.ttf._p_o_s_t.ttx GFSNeohellenicBold.ttf._n_a_m_e.ttx GFSNeohellenicBold.ttf._m_a_x_p.ttx GFSNeohellenicBold.ttf._l_o_c_a.ttx GFSNeohellenicBold.ttf._h_m_t_x.ttx GFSNeohellenicBold.ttf._h_h_e_a.ttx GFSNeohellenicBold.ttf._h_e_a_d.ttx GFSNeohellenicBold.ttf._g_l_y_f.ttx GFSNeohellenicBold.ttf._g_a_s_p.ttx GFSNeohellenicBold.ttf._f_p_g_m.ttx GFSNeohellenicBold.ttf._c_v_t.ttx GFSNeohellenicBold.ttf._c_m_a_p.ttx GFSNeohellenicBold.ttf.O_S_2f_2.ttx GFSNeohellenicBold.ttf.GlyphOrder.ttx GFSNeohellenicBold.ttf.G_S_U_B_.ttx GFSNeohellenicBold.ttf.G_P_O_S_.ttx GFSNeohellenicBold.ttf.G_D_E_F_.ttx GFSNeohellenicBold.ttf.F_F_T_M_.ttx GFSNeohellenic.ttf._p_r_e_p.ttx GFSNeohellenic.ttf._p_o_s_t.ttx GFSNeohellenic.ttf._n_a_m_e.ttx GFSNeohellenic.ttf._m_a_x_p.ttx GFSNeohellenic.ttf._l_o_c_a.ttx GFSNeohellenic.ttf._h_m_t_x.ttx GFSNeohellenic.ttf._h_h_e_a.ttx GFSNeohellenic.ttf._h_e_a_d.ttx GFSNeohellenic.ttf._g_l_y_f.ttx GFSNeohellenic.ttf._f_p_g_m.ttx GFSNeohellenic.ttf._c_v_t.ttx GFSNeohellenic.ttf._c_m_a_p.ttx GFSNeohellenic.ttf.O_S_2f_2.ttx GFSNeohellenic.ttf.GlyphOrder.ttx GFSNeohellenic.ttf.G_S_U_B_.ttx GFSNeohellenic.ttf.G_P_O_S_.ttx GFSNeohellenic.ttf.G_D_E_F_.ttx GFSNeohellenic.ttf.F_F_T_M_.ttx src/GFSNeohellenicItalic.ttf._p_r_e_p.ttx src/GFSNeohellenicItalic.ttf._p_o_s_t.ttx src/GFSNeohellenicItalic.ttf._n_a_m_e.ttx src/GFSNeohellenicItalic.ttf._m_a_x_p.ttx src/GFSNeohellenicItalic.ttf._l_o_c_a.ttx src/GFSNeohellenicItalic.ttf._k_e_r_n.ttx src/GFSNeohellenicItalic.ttf._h_m_t_x.ttx src/GFSNeohellenicItalic.ttf._h_h_e_a.ttx src/GFSNeohellenicItalic.ttf._h_e_a_d.ttx src/GFSNeohellenicItalic.ttf._h_d_m_x.ttx src/GFSNeohellenicItalic.ttf._g_l_y_f.ttx src/GFSNeohellenicItalic.ttf._g_a_s_p.ttx src/GFSNeohellenicItalic.ttf._f_p_g_m.ttx src/GFSNeohellenicItalic.ttf._c_v_t.ttx src/GFSNeohellenicItalic.ttf._c_m_a_p.ttx src/GFSNeohellenicItalic.ttf.V_D_M_X_.ttx src/GFSNeohellenicItalic.ttf.O_S_2f_2.ttx src/GFSNeohellenicItalic.ttf.L_T_S_H_.ttx src/GFSNeohellenicItalic.ttf.GlyphOrder.ttx src/GFSNeohellenicItalic.ttf.G_S_U_B_.ttx src/GFSNeohellenicItalic.ttf.G_P_O_S_.ttx src/GFSNeohellenicIt.otf._p_o_s_t.ttx src/GFSNeohellenicIt.otf._n_a_m_e.ttx src/GFSNeohellenicIt.otf._m_a_x_p.ttx src/GFSNeohellenicIt.otf._k_e_r_n.ttx src/GFSNeohellenicIt.otf._h_m_t_x.ttx src/GFSNeohellenicIt.otf._h_h_e_a.ttx src/GFSNeohellenicIt.otf._h_e_a_d.ttx src/GFSNeohellenicIt.otf._c_m_a_p.ttx src/GFSNeohellenicIt.otf.O_S_2f_2.ttx src/GFSNeohellenicIt.otf.GlyphOrder.ttx src/GFSNeohellenicIt.otf.G_S_U_B_.ttx src/GFSNeohellenicIt.otf.G_P_O_S_.ttx src/GFSNeohellenicIt.otf.C_F_F_.ttx src/GFSNeohellenicBoldItalic.ttf._p_r_e_p.ttx src/GFSNeohellenicBoldItalic.ttf._p_o_s_t.ttx src/GFSNeohellenicBoldItalic.ttf._n_a_m_e.ttx src/GFSNeohellenicBoldItalic.ttf._m_a_x_p.ttx src/GFSNeohellenicBoldItalic.ttf._l_o_c_a.ttx src/GFSNeohellenicBoldItalic.ttf._k_e_r_n.ttx src/GFSNeohellenicBoldItalic.ttf._h_m_t_x.ttx src/GFSNeohellenicBoldItalic.ttf._h_h_e_a.ttx src/GFSNeohellenicBoldItalic.ttf._h_e_a_d.ttx src/GFSNeohellenicBoldItalic.ttf._h_d_m_x.ttx src/GFSNeohellenicBoldItalic.ttf._g_l_y_f.ttx src/GFSNeohellenicBoldItalic.ttf._g_a_s_p.ttx src/GFSNeohellenicBoldItalic.ttf._f_p_g_m.ttx src/GFSNeohellenicBoldItalic.ttf._c_v_t.ttx src/GFSNeohellenicBoldItalic.ttf._c_m_a_p.ttx src/GFSNeohellenicBoldItalic.ttf.V_D_M_X_.ttx src/GFSNeohellenicBoldItalic.ttf.O_S_2f_2.ttx src/GFSNeohellenicBoldItalic.ttf.L_T_S_H_.ttx src/GFSNeohellenicBoldItalic.ttf.GlyphOrder.ttx src/GFSNeohellenicBoldItalic.ttf.G_S_U_B_.ttx src/GFSNeohellenicBoldItalic.ttf.G_P_O_S_.ttx src/GFSNeohellenicBoldIt.otf._p_o_s_t.ttx src/GFSNeohellenicBoldIt.otf._n_a_m_e.ttx src/GFSNeohellenicBoldIt.otf._m_a_x_p.ttx src/GFSNeohellenicBoldIt.otf._k_e_r_n.ttx src/GFSNeohellenicBoldIt.otf._h_m_t_x.ttx src/GFSNeohellenicBoldIt.otf._h_h_e_a.ttx src/GFSNeohellenicBoldIt.otf._h_e_a_d.ttx src/GFSNeohellenicBoldIt.otf._c_m_a_p.ttx src/GFSNeohellenicBoldIt.otf.O_S_2f_2.ttx src/GFSNeohellenicBoldIt.otf.GlyphOrder.ttx src/GFSNeohellenicBoldIt.otf.G_S_U_B_.ttx src/GFSNeohellenicBoldIt.otf.G_P_O_S_.ttx src/GFSNeohellenicBoldIt.otf.C_F_F_.ttx src/GFSNeohellenicBold.ttf._p_r_e_p.ttx src/GFSNeohellenicBold.ttf._p_o_s_t.ttx src/GFSNeohellenicBold.ttf._n_a_m_e.ttx src/GFSNeohellenicBold.ttf._m_a_x_p.ttx src/GFSNeohellenicBold.ttf._l_o_c_a.ttx src/GFSNeohellenicBold.ttf._h_m_t_x.ttx src/GFSNeohellenicBold.ttf._h_h_e_a.ttx src/GFSNeohellenicBold.ttf._h_e_a_d.ttx src/GFSNeohellenicBold.ttf._h_d_m_x.ttx src/GFSNeohellenicBold.ttf._g_l_y_f.ttx src/GFSNeohellenicBold.ttf._g_a_s_p.ttx src/GFSNeohellenicBold.ttf._f_p_g_m.ttx src/GFSNeohellenicBold.ttf._c_v_t.ttx src/GFSNeohellenicBold.ttf._c_m_a_p.ttx src/GFSNeohellenicBold.ttf.V_D_M_X_.ttx src/GFSNeohellenicBold.ttf.O_S_2f_2.ttx src/GFSNeohellenicBold.ttf.L_T_S_H_.ttx src/GFSNeohellenicBold.ttf.GlyphOrder.ttx src/GFSNeohellenicBold.ttf.G_S_U_B_.ttx src/GFSNeohellenicBold.otf._p_o_s_t.ttx src/GFSNeohellenicBold.otf._n_a_m_e.ttx src/GFSNeohellenicBold.otf._m_a_x_p.ttx src/GFSNeohellenicBold.otf._k_e_r_n.ttx src/GFSNeohellenicBold.otf._h_m_t_x.ttx src/GFSNeohellenicBold.otf._h_h_e_a.ttx src/GFSNeohellenicBold.otf._h_e_a_d.ttx src/GFSNeohellenicBold.otf._c_m_a_p.ttx src/GFSNeohellenicBold.otf.O_S_2f_2.ttx src/GFSNeohellenicBold.otf.GlyphOrder.ttx src/GFSNeohellenicBold.otf.G_S_U_B_.ttx src/GFSNeohellenicBold.otf.G_P_O_S_.ttx src/GFSNeohellenicBold.otf.C_F_F_.ttx src/GFSNeohellenic.ttf._p_r_e_p.ttx src/GFSNeohellenic.ttf._p_o_s_t.ttx src/GFSNeohellenic.ttf._n_a_m_e.ttx src/GFSNeohellenic.ttf._m_a_x_p.ttx src/GFSNeohellenic.ttf._l_o_c_a.ttx src/GFSNeohellenic.ttf._k_e_r_n.ttx src/GFSNeohellenic.ttf._h_m_t_x.ttx src/GFSNeohellenic.ttf._h_h_e_a.ttx src/GFSNeohellenic.ttf._h_e_a_d.ttx src/GFSNeohellenic.ttf._h_d_m_x.ttx src/GFSNeohellenic.ttf._g_l_y_f.ttx src/GFSNeohellenic.ttf._f_p_g_m.ttx src/GFSNeohellenic.ttf._c_v_t.ttx src/GFSNeohellenic.ttf._c_m_a_p.ttx src/GFSNeohellenic.ttf.V_D_M_X_.ttx src/GFSNeohellenic.ttf.O_S_2f_2.ttx src/GFSNeohellenic.ttf.L_T_S_H_.ttx src/GFSNeohellenic.ttf.GlyphOrder.ttx src/GFSNeohellenic.ttf.G_S_U_B_.ttx src/GFSNeohellenic.ttf.G_P_O_S_.ttx src/GFSNeohellenic.otf._p_o_s_t.ttx src/GFSNeohellenic.otf._n_a_m_e.ttx src/GFSNeohellenic.otf._m_a_x_p.ttx src/GFSNeohellenic.otf._k_e_r_n.ttx src/GFSNeohellenic.otf._h_m_t_x.ttx src/GFSNeohellenic.otf._h_h_e_a.ttx src/GFSNeohellenic.otf._h_e_a_d.ttx src/GFSNeohellenic.otf._c_m_a_p.ttx src/GFSNeohellenic.otf.O_S_2f_2.ttx src/GFSNeohellenic.otf.GlyphOrder.ttx src/GFSNeohellenic.otf.G_S_U_B_.ttx src/GFSNeohellenic.otf.G_P_O_S_.ttx src/GFSNeohellenic.otf.C_F_F_.ttx /home/travis/build/fontdirectory/gfsneohellenic/builds/build/sources
### (2 of 6) pyfontaine
### (3 of 6) Run upstream tests
$ bakery-lint.py upstream-repo sources
$ fontaine --collections subsets --text /home/travis/build/fontdirectory/gfsneohellenic/builds/build/sources/GFSNeohellenic.otf.ttx /home/travis/build/fontdirectory/gfsneohellenic/builds/build/sources/GFSNeohellenicBold.otf.ttx /home/travis/build/fontdirectory/gfsneohellenic/builds/build/sources/GFSNeohellenicBoldIt.otf.ttx /home/travis/build/fontdirectory/gfsneohellenic/builds/build/sources/GFSNeohellenicIt.otf.ttx /home/travis/build/fontdirectory/gfsneohellenic/builds/build/sources/GFSNeohellenic.ttf.ttx /home/travis/build/fontdirectory/gfsneohellenic/builds/build/sources/GFSNeohellenicBold.ttf.ttx /home/travis/build/fontdirectory/gfsneohellenic/builds/build/sources/GFSNeohellenicBoldItalic.ttf.ttx /home/travis/build/fontdirectory/gfsneohellenic/builds/build/sources/GFSNeohellenicItalic.ttf.ttx > fontaine.txt
WARNING: Please install [PyICU](https://pypi.python.org/pypi/PyICU) toenable [feature], perhaps with: pip install pyicu
bakery_lint.tests.upstream.test_prepolation.FontTestPrepolation.test_font_prepolation_glyph_contours(): FAIL
pyfontaine error: illegal hdmx format
pyfontaine process has been failed
bakery_lint.tests.upstream.test_prepolation.FontTestPrepolation.test_font_prepolation_glyph_points(): FAIL
bakery_lint.tests.upstream.test_prepolation.FontTestPrepolation.test_font_test_prepolation_glyph_names(): FAIL
bakery_lint.tests.upstream.test_diacritic.TestDiacritic.test_diacritic_made_as_component(): OK
bakery_lint.tests.upstream.test_diacritic.TestDiacritic.test_diacritic_made_as_mark_to_mark(): OK
bakery_lint.tests.upstream.test_diacritic.TestDiacritic.test_diacritic_made_as_own_glyphs(): OK
bakery_lint.tests.upstream.test_check_upstream_sources.ProjectUpstreamTestCase.test_bakery_yaml_exists(): OK
bakery_lint.tests.upstream.test_check_upstream_sources.ProjectUpstreamTestCase.test_copyright_notices_same_across_family(): OK
bakery_lint.tests.upstream.test_check_upstream_sources.ProjectUpstreamTestCase.test_description_html_exists(): OK
bakery_lint.tests.upstream.test_check_upstream_sources.ProjectUpstreamTestCase.test_fontlog_txt_exists(): FAIL
bakery_lint.tests.upstream.test_check_upstream_sources.ProjectUpstreamTestCase.test_metadata_json_exists(): OK
$ bakery-lint.py upstream-ttx GFSNeohellenic.otf.ttx
bakery_lint.tests.upstream.test_glyphname_does_not_contain_disallowed_chars.TestGlyphNameDoesNotContainsDisallowedChars.test_glyphname_does_not_contain_disallowed_chars(): OK
bakery_lint.tests.upstream.test_font_filename_eq_familystyle.TestTTFSourceFontFileNameEqualsFamilyStyle.test_source_ttf_font_filename_equals_familystyle(): FAIL
$ mv /home/travis/build/fontdirectory/gfsneohellenic/builds/build/sources/GFSNeohellenic.otf.ttx /home/travis/build/fontdirectory/gfsneohellenic/builds/build/sources/GFSNeohellenic-Regular.ttx
bakery_lint.tests.upstream.test_font_filename_eq_familystyle.TestTTFSourceFontFileNameEqualsFamilyStyle.test_source_ttf_font_filename_equals_familystyle(): OK
bakery_lint.tests.upstream.test_check_ttx_requirements.SourceTTXTest.test_epar_in_keys(): FAIL
bakery_lint.tests.upstream.test_check_ttx_requirements.SourceTTXTest.test_os2_in_keys(): OK
bakery_lint.tests.upstream.test_check_ttx_requirements.SourceTTXTest.test_ttx_doesnt_contain_duplicate_glyphs(): OK
bakery_lint.tests.upstream.test_check_ttx_fontfamily_recommendations.TTX_FontFamilyNamingTest.test_ttx_family_naming_recommendation(): OK
$ bakery-lint.py upstream-ttx GFSNeohellenicBold.otf.ttx
bakery_lint.tests.upstream.test_glyphname_does_not_contain_disallowed_chars.TestGlyphNameDoesNotContainsDisallowedChars.test_glyphname_does_not_contain_disallowed_chars(): OK
bakery_lint.tests.upstream.test_font_filename_eq_familystyle.TestTTFSourceFontFileNameEqualsFamilyStyle.test_source_ttf_font_filename_equals_familystyle(): FAIL
$ mv /home/travis/build/fontdirectory/gfsneohellenic/builds/build/sources/GFSNeohellenicBold.otf.ttx /home/travis/build/fontdirectory/gfsneohellenic/builds/build/sources/GFSNeohellenic-Bold.ttx
bakery_lint.tests.upstream.test_font_filename_eq_familystyle.TestTTFSourceFontFileNameEqualsFamilyStyle.test_source_ttf_font_filename_equals_familystyle(): OK
bakery_lint.tests.upstream.test_check_ttx_requirements.SourceTTXTest.test_epar_in_keys(): FAIL
bakery_lint.tests.upstream.test_check_ttx_requirements.SourceTTXTest.test_os2_in_keys(): OK
bakery_lint.tests.upstream.test_check_ttx_requirements.SourceTTXTest.test_ttx_doesnt_contain_duplicate_glyphs(): OK
bakery_lint.tests.upstream.test_check_ttx_fontfamily_recommendations.TTX_FontFamilyNamingTest.test_ttx_family_naming_recommendation(): OK
$ bakery-lint.py upstream-ttx GFSNeohellenicBoldIt.otf.ttx
bakery_lint.tests.upstream.test_glyphname_does_not_contain_disallowed_chars.TestGlyphNameDoesNotContainsDisallowedChars.test_glyphname_does_not_contain_disallowed_chars(): OK
bakery_lint.tests.upstream.test_font_filename_eq_familystyle.TestTTFSourceFontFileNameEqualsFamilyStyle.test_source_ttf_font_filename_equals_familystyle(): FAIL
$ mv /home/travis/build/fontdirectory/gfsneohellenic/builds/build/sources/GFSNeohellenicBoldIt.otf.ttx /home/travis/build/fontdirectory/gfsneohellenic/builds/build/sources/GFSNeohellenic-BoldItalic.ttx
bakery_lint.tests.upstream.test_font_filename_eq_familystyle.TestTTFSourceFontFileNameEqualsFamilyStyle.test_source_ttf_font_filename_equals_familystyle(): OK
bakery_lint.tests.upstream.test_check_ttx_requirements.SourceTTXTest.test_epar_in_keys(): FAIL
bakery_lint.tests.upstream.test_check_ttx_requirements.SourceTTXTest.test_os2_in_keys(): OK
bakery_lint.tests.upstream.test_check_ttx_requirements.SourceTTXTest.test_ttx_doesnt_contain_duplicate_glyphs(): OK
bakery_lint.tests.upstream.test_check_ttx_fontfamily_recommendations.TTX_FontFamilyNamingTest.test_ttx_family_naming_recommendation(): OK
$ bakery-lint.py upstream-ttx GFSNeohellenicIt.otf.ttx
bakery_lint.tests.upstream.test_glyphname_does_not_contain_disallowed_chars.TestGlyphNameDoesNotContainsDisallowedChars.test_glyphname_does_not_contain_disallowed_chars(): OK
bakery_lint.tests.upstream.test_font_filename_eq_familystyle.TestTTFSourceFontFileNameEqualsFamilyStyle.test_source_ttf_font_filename_equals_familystyle(): FAIL
$ mv /home/travis/build/fontdirectory/gfsneohellenic/builds/build/sources/GFSNeohellenicIt.otf.ttx /home/travis/build/fontdirectory/gfsneohellenic/builds/build/sources/GFSNeohellenic-Italic.ttx
bakery_lint.tests.upstream.test_font_filename_eq_familystyle.TestTTFSourceFontFileNameEqualsFamilyStyle.test_source_ttf_font_filename_equals_familystyle(): OK
bakery_lint.tests.upstream.test_check_ttx_requirements.SourceTTXTest.test_epar_in_keys(): FAIL
bakery_lint.tests.upstream.test_check_ttx_requirements.SourceTTXTest.test_os2_in_keys(): OK
bakery_lint.tests.upstream.test_check_ttx_requirements.SourceTTXTest.test_ttx_doesnt_contain_duplicate_glyphs(): OK
bakery_lint.tests.upstream.test_check_ttx_fontfamily_recommendations.TTX_FontFamilyNamingTest.test_ttx_family_naming_recommendation(): OK
$ bakery-lint.py upstream-ttx GFSNeohellenic.ttf.ttx
bakery_lint.tests.upstream.test_glyphname_does_not_contain_disallowed_chars.TestGlyphNameDoesNotContainsDisallowedChars.test_glyphname_does_not_contain_disallowed_chars(): FAIL
bakery_lint.tests.upstream.test_font_filename_eq_familystyle.TestTTFSourceFontFileNameEqualsFamilyStyle.test_source_ttf_font_filename_equals_familystyle(): FAIL
ERROR: BUILD FAILED
